WINDOW_MODE=campaigns  (2 windows)
Loading coordinates...
Found 14 survey days: [69, 70, 71, 72, 73, 77, 78, 80, 83, 84, 85, 86, 87, 88]

Loading coastline...
Field machinery loaded: 546 coords | grid (400, 300) | domain lon 115.45 115.776 lat -32.525 -31.87
profile_dir -> Q:/SEAF-CS/V1.8/DATA/csiem-data/data-lake/DEP/SMCWS/1991/1991-08/profile_data
salinity     n= 344  clim 34.00..35.25
temperature  n= 344  clim 15.25..17.50
density      n= 344  clim 24.80..25.80
Model 1991-07-20 00:00:00 -> 1991-08-31 00:00:00; 30206 cells
FULL run [campaigns]: 6 figure(s)
    Surface: 70 stations, range 15.29–17.42
    Bottom: 66 stations, range 15.33–17.50
  saved temperature/map_temperature_prestorm.png
    Surface: 70 stations, range 27.18–35.19
    Bottom: 66 stations, range 34.16–35.23
  saved salinity/map_salinity_prestorm.png
    Surface: 70 stations, range 19.73–25.63
    Bottom: 66 stations, range 25.17–25.65
  saved density/map_density_prestorm.png
    Surface: 105 stations, range 15.67–17.92
    Bottom: 103 stations, range 15.61–17.80
  saved temperature/map_temperature_poststorm.png
    Surface: 105 stations, range 31.51–35.33
    Bottom: 103 stations, range 34.13–35.33
  saved salinity/map_salinity_poststorm.png
    Surface: 105 stations, range 22.99–25.60
    Bottom: 103 stations, range 24.89–25.61
  saved density/map_density_poststorm.png
Done.
