Warning messages:
1: package 'rayshader' was built under R version 4.4.3 
2: package 'rgl' was built under R version 4.4.3 
add_image_overlay() deprecated--use render_image_overlay() instead.
add_image_overlay() deprecated--use render_image_overlay() instead.
add_image_overlay() deprecated--use render_image_overlay() instead.
add_image_overlay() deprecated--use render_image_overlay() instead.
add_image_overlay() deprecated--use render_image_overlay() instead.
add_image_overlay() deprecated--use render_image_overlay() instead.
add_image_overlay() deprecated--use render_image_overlay() instead.
add_image_overlay() deprecated--use render_image_overlay() instead.
add_image_overlay() deprecated--use render_image_overlay() instead.
add_image_overlay() deprecated--use render_image_overlay() instead.
add_image_overlay() deprecated--use render_image_overlay() instead.
add_image_overlay() deprecated--use render_image_overlay() instead.
add_image_overlay() deprecated--use render_image_overlay() instead.
add_image_overlay() deprecated--use render_image_overlay() instead.
add_image_overlay() deprecated--use render_image_overlay() instead.
add_image_overlay() deprecated--use render_image_overlay() instead.
add_image_overlay() deprecated--use render_image_overlay() instead.
add_image_overlay() deprecated--use render_image_overlay() instead.
add_image_overlay() deprecated--use render_image_overlay() instead.
add_image_overlay() deprecated--use render_image_overlay() instead.
add_image_overlay() deprecated--use render_image_overlay() instead.
add_image_overlay() deprecated--use render_image_overlay() instead.
add_image_overlay() deprecated--use render_image_overlay() instead.
add_image_overlay() deprecated--use render_image_overlay() instead.
add_image_overlay() deprecated--use render_image_overlay() instead.
add_image_overlay() deprecated--use render_image_overlay() instead.
add_image_overlay() deprecated--use render_image_overlay() instead.
add_image_overlay() deprecated--use render_image_overlay() instead.
add_image_overlay() deprecated--use render_image_overlay() instead.
add_image_overlay() deprecated--use render_image_overlay() instead.
add_image_overlay() deprecated--use render_image_overlay() instead.
add_image_overlay() deprecated--use render_image_overlay() instead.
add_image_overlay() deprecated--use render_image_overlay() instead.
add_image_overlay() deprecated--use render_image_overlay() instead.
add_image_overlay() deprecated--use render_image_overlay() instead.
add_image_overlay() deprecated--use render_image_overlay() instead.
add_image_overlay() deprecated--use render_image_overlay() instead.
add_image_overlay() deprecated--use render_image_overlay() instead.
add_image_overlay() deprecated--use render_image_overlay() instead.
add_image_overlay() deprecated--use render_image_overlay() instead.
add_image_overlay() deprecated--use render_image_overlay() instead.
add_image_overlay() deprecated--use render_image_overlay() instead.
add_image_overlay() deprecated--use render_image_overlay() instead.
add_image_overlay() deprecated--use render_image_overlay() instead.
add_image_overlay() deprecated--use render_image_overlay() instead.
add_image_overlay() deprecated--use render_image_overlay() instead.
add_image_overlay() deprecated--use render_image_overlay() instead.
add_image_overlay() deprecated--use render_image_overlay() instead.
add_image_overlay() deprecated--use render_image_overlay() instead.
add_image_overlay() deprecated--use render_image_overlay() instead.
add_image_overlay() deprecated--use render_image_overlay() instead.
add_image_overlay() deprecated--use render_image_overlay() instead.
add_image_overlay() deprecated--use render_image_overlay() instead.
add_image_overlay() deprecated--use render_image_overlay() instead.
add_image_overlay() deprecated--use render_image_overlay() instead.
add_image_overlay() deprecated--use render_image_overlay() instead.
add_image_overlay() deprecated--use render_image_overlay() instead.
add_image_overlay() deprecated--use render_image_overlay() instead.
add_image_overlay() deprecated--use render_image_overlay() instead.
add_image_overlay() deprecated--use render_image_overlay() instead.
add_image_overlay() deprecated--use render_image_overlay() instead.
add_image_overlay() deprecated--use render_image_overlay() instead.
add_image_overlay() deprecated--use render_image_overlay() instead.
add_image_overlay() deprecated--use render_image_overlay() instead.
add_image_overlay() deprecated--use render_image_overlay() instead.
add_image_overlay() deprecated--use render_image_overlay() instead.
add_image_overlay() deprecated--use render_image_overlay() instead.
done: 67 drape frame(s)  scale 34.1 .. 34.77 
gif 67
