Warning messages:
1: package 'rayshader' was built under R version 4.4.3 
2: package 'rgl' was built under R version 4.4.3 
3: package 'rayrender' was built under R version 4.4.3 
terrain 419x847 | frames 49 | samples 256 | CONTINUOUS ORBIT (2021 winter pycnocline)
[ 1/49] f_000.png  1532s  (elapsed 25.6 min, 1 rendered)
[ 2/49] f_001.png  1522s  (elapsed 50.9 min, 2 rendered)
[ 3/49] f_002.png  2450s  (elapsed 91.8 min, 3 rendered)
[ 4/49] f_003.png  4807s  (elapsed 172.0 min, 4 rendered)
[ 5/49] f_004.png  4946s  (elapsed 254.4 min, 5 rendered)
[ 6/49] f_005.png  2139s  (elapsed 290.1 min, 6 rendered)
[ 7/49] f_006.png  1146s  (elapsed 309.2 min, 7 rendered)
[ 8/49] f_007.png  1087s  (elapsed 327.3 min, 8 rendered)
[ 9/49] f_008.png  1070s  (elapsed 345.2 min, 9 rendered)
[10/49] f_009.png  1074s  (elapsed 363.1 min, 10 rendered)
[11/49] f_010.png  1057s  (elapsed 380.7 min, 11 rendered)
[12/49] f_011.png  1039s  (elapsed 398.1 min, 12 rendered)
[13/49] f_012.png  1036s  (elapsed 415.3 min, 13 rendered)
[14/49] f_013.png  1024s  (elapsed 432.4 min, 14 rendered)
[15/49] f_014.png  1028s  (elapsed 449.6 min, 15 rendered)
[16/49] f_015.png  1021s  (elapsed 466.6 min, 16 rendered)
[17/49] f_016.png  1021s  (elapsed 483.6 min, 17 rendered)
[18/49] f_017.png  1011s  (elapsed 500.5 min, 18 rendered)
[19/49] f_018.png  1010s  (elapsed 517.4 min, 19 rendered)
[20/49] f_019.png  996s  (elapsed 534.0 min, 20 rendered)
[21/49] f_020.png  993s  (elapsed 550.5 min, 21 rendered)
[22/49] f_021.png  1013s  (elapsed 567.4 min, 22 rendered)
[23/49] f_022.png  998s  (elapsed 584.1 min, 23 rendered)
[24/49] f_023.png  993s  (elapsed 600.6 min, 24 rendered)
[25/49] f_024.png  967s  (elapsed 616.8 min, 25 rendered)
[26/49] f_025.png  966s  (elapsed 632.9 min, 26 rendered)
[27/49] f_026.png  958s  (elapsed 648.9 min, 27 rendered)
[28/49] f_027.png  954s  (elapsed 664.8 min, 28 rendered)
[29/49] f_028.png  941s  (elapsed 680.5 min, 29 rendered)
[30/49] f_029.png  942s  (elapsed 696.2 min, 30 rendered)
[31/49] f_030.png  935s  (elapsed 711.8 min, 31 rendered)
[32/49] f_031.png  933s  (elapsed 727.4 min, 32 rendered)
[33/49] f_032.png  928s  (elapsed 742.9 min, 33 rendered)
[34/49] f_033.png  922s  (elapsed 758.2 min, 34 rendered)
[35/49] f_034.png  918s  (elapsed 773.6 min, 35 rendered)
[36/49] f_035.png  920s  (elapsed 788.9 min, 36 rendered)
[37/49] f_036.png  899s  (elapsed 803.9 min, 37 rendered)
[38/49] f_037.png  897s  (elapsed 818.9 min, 38 rendered)
[39/49] f_038.png  888s  (elapsed 833.7 min, 39 rendered)
[40/49] f_039.png  884s  (elapsed 848.4 min, 40 rendered)
[41/49] f_040.png  878s  (elapsed 863.1 min, 41 rendered)
[42/49] f_041.png  889s  (elapsed 877.9 min, 42 rendered)
[43/49] f_042.png  876s  (elapsed 892.5 min, 43 rendered)
[44/49] f_043.png  878s  (elapsed 907.2 min, 44 rendered)
[45/49] f_044.png  877s  (elapsed 921.8 min, 45 rendered)
[46/49] f_045.png  877s  (elapsed 936.4 min, 46 rendered)
[47/49] f_046.png  864s  (elapsed 950.8 min, 47 rendered)
[48/49] f_047.png  855s  (elapsed 965.1 min, 48 rendered)
[49/49] f_048.png  854s  (elapsed 979.3 min, 49 rendered)
There were 49 warnings (use warnings() to see them)
SERIES DONE
