Warning messages:
1: package 'rayshader' was built under R version 4.4.3 
2: package 'rgl' was built under R version 4.4.3 
3: package 'rayrender' was built under R version 4.4.3 
terrain 419x847 | frames 66 | samples 256
[ 1/66] f_000.png  1090s  (elapsed 18.2 min, 1 rendered)
[ 2/66] f_001.png  1040s  (elapsed 35.5 min, 2 rendered)
[ 3/66] f_002.png  1210s  (elapsed 55.7 min, 3 rendered)
[ 4/66] f_003.png  1568s  (elapsed 81.9 min, 4 rendered)
[ 5/66] f_004.png  1134s  (elapsed 100.8 min, 5 rendered)
[ 6/66] f_005.png  1040s  (elapsed 118.1 min, 6 rendered)
[ 7/66] f_006.png  989s  (elapsed 134.6 min, 7 rendered)
[ 8/66] f_007.png  991s  (elapsed 151.2 min, 8 rendered)
[ 9/66] f_008.png  1075s  (elapsed 169.1 min, 9 rendered)
[10/66] f_009.png  1148s  (elapsed 188.2 min, 10 rendered)
[11/66] f_010.png  1053s  (elapsed 205.8 min, 11 rendered)
[12/66] f_011.png  2569s  (elapsed 248.6 min, 12 rendered)
[13/66] f_012.png  2690s  (elapsed 293.5 min, 13 rendered)
[14/66] f_013.png  3875s  (elapsed 358.1 min, 14 rendered)
[15/66] f_014.png  1200s  (elapsed 378.1 min, 15 rendered)
[16/66] f_015.png  1139s  (elapsed 397.1 min, 16 rendered)
[17/66] f_016.png  1196s  (elapsed 417.1 min, 17 rendered)
[18/66] f_017.png  1220s  (elapsed 437.4 min, 18 rendered)
[19/66] f_018.png  1121s  (elapsed 456.1 min, 19 rendered)
[20/66] f_019.png  1081s  (elapsed 474.1 min, 20 rendered)
[21/66] f_020.png  1053s  (elapsed 491.7 min, 21 rendered)
[22/66] f_021.png  1052s  (elapsed 509.3 min, 22 rendered)
[23/66] f_022.png  1055s  (elapsed 526.9 min, 23 rendered)
[24/66] f_023.png  1052s  (elapsed 544.4 min, 24 rendered)
[25/66] f_024.png  1050s  (elapsed 561.9 min, 25 rendered)
[26/66] f_025.png  1055s  (elapsed 579.5 min, 26 rendered)
[27/66] f_026.png  1057s  (elapsed 597.2 min, 27 rendered)
[28/66] f_027.png  1050s  (elapsed 614.7 min, 28 rendered)
[29/66] f_028.png  1054s  (elapsed 632.3 min, 29 rendered)
[30/66] f_029.png  1036s  (elapsed 649.5 min, 30 rendered)
[31/66] f_030.png  1024s  (elapsed 666.6 min, 31 rendered)
[32/66] f_031.png  1020s  (elapsed 683.7 min, 32 rendered)
[33/66] f_032.png  1013s  (elapsed 700.6 min, 33 rendered)
[34/66] f_033.png  1017s  (elapsed 717.5 min, 34 rendered)
[35/66] f_034.png  994s  (elapsed 734.1 min, 35 rendered)
[36/66] f_035.png  979s  (elapsed 750.4 min, 36 rendered)
[37/66] f_036.png  978s  (elapsed 766.8 min, 37 rendered)
[38/66] f_037.png  959s  (elapsed 782.8 min, 38 rendered)
[39/66] f_038.png  953s  (elapsed 798.7 min, 39 rendered)
[40/66] f_039.png  939s  (elapsed 814.3 min, 40 rendered)
[41/66] f_040.png  926s  (elapsed 829.8 min, 41 rendered)
[42/66] f_041.png  914s  (elapsed 845.0 min, 42 rendered)
[43/66] f_042.png  907s  (elapsed 860.2 min, 43 rendered)
[44/66] f_043.png  861s  (elapsed 874.5 min, 44 rendered)
[45/66] f_044.png  1006s  (elapsed 891.3 min, 45 rendered)
[46/66] f_045.png  1205s  (elapsed 911.4 min, 46 rendered)
[47/66] f_046.png  1030s  (elapsed 928.6 min, 47 rendered)
[48/66] f_047.png  1151s  (elapsed 947.8 min, 48 rendered)
[49/66] f_048.png  998s  (elapsed 964.4 min, 49 rendered)
[50/66] f_049.png  891s  (elapsed 979.3 min, 50 rendered)
[51/66] f_050.png  998s  (elapsed 996.0 min, 51 rendered)
[52/66] f_051.png  1031s  (elapsed 1013.2 min, 52 rendered)
[53/66] f_052.png  954s  (elapsed 1029.1 min, 53 rendered)
[54/66] f_053.png  861s  (elapsed 1043.4 min, 54 rendered)
[55/66] f_054.png  743s  (elapsed 1055.8 min, 55 rendered)
[56/66] f_055.png  823s  (elapsed 1069.6 min, 56 rendered)
[57/66] f_056.png  758s  (elapsed 1082.2 min, 57 rendered)
[58/66] f_057.png  836s  (elapsed 1096.2 min, 58 rendered)
[59/66] f_058.png  769s  (elapsed 1109.0 min, 59 rendered)
[60/66] f_059.png  794s  (elapsed 1122.2 min, 60 rendered)
[61/66] f_060.png  753s  (elapsed 1134.8 min, 61 rendered)
[62/66] f_061.png  760s  (elapsed 1147.5 min, 62 rendered)
[63/66] f_062.png  751s  (elapsed 1160.0 min, 63 rendered)
[64/66] f_063.png  713s  (elapsed 1171.9 min, 64 rendered)
[65/66] f_064.png  729s  (elapsed 1184.1 min, 65 rendered)
[66/66] f_065.png  700s  (elapsed 1195.8 min, 66 rendered)
There were 50 or more warnings (use warnings() to see the first 50)
SERIES DONE
